idle loop start 23 walk loop start 54
1/168 idle 1 elapsed=0s
2/168 idle 2 elapsed=0s
3/168 idle 3 elapsed=0s
4/168 idle 4 elapsed=0s
5/168 idle 5 elapsed=0s
6/168 idle 6 elapsed=0s
7/168 idle 7 elapsed=0s
8/168 idle 8 elapsed=0s
9/168 idle 9 elapsed=0s
10/168 idle 10 elapsed=0s
11/168 idle 11 elapsed=0s
12/168 idle 12 elapsed=0s
13/168 idle 13 elapsed=0s
14/168 idle 14 elapsed=0s
15/168 idle 15 elapsed=0s
16/168 idle 16 elapsed=0s
17/168 idle 17 elapsed=0s
18/168 idle 18 elapsed=0s
19/168 idle 19 elapsed=0s
20/168 idle 20 elapsed=0s
21/168 idle 21 elapsed=0s
22/168 idle 22 elapsed=0s
23/168 idle 23 elapsed=0s
24/168 idle 24 elapsed=0s
25/168 idle 25 elapsed=0s
26/168 idle 26 elapsed=0s
27/168 idle 27 elapsed=0s
28/168 idle 28 elapsed=0s
29/168 idle 29 elapsed=0s
30/168 idle 30 elapsed=0s
31/168 idle 31 elapsed=0s
32/168 idle 32 elapsed=0s
33/168 idle 33 elapsed=0s
34/168 idle 34 elapsed=0s
35/168 idle 35 elapsed=0s
36/168 idle 36 elapsed=0s
37/168 cast 1 elapsed=0s
38/168 cast 2 elapsed=0s
39/168 cast 3 elapsed=0s
40/168 cast 4 elapsed=0s
41/168 cast 5 elapsed=0s
42/168 cast 6 elapsed=0s
43/168 cast 7 elapsed=0s
44/168 cast 8 elapsed=0s
45/168 cast 9 elapsed=0s
46/168 cast 10 elapsed=0s
47/168 cast 11 elapsed=0s
48/168 cast 12 elapsed=0s
49/168 cast 13 elapsed=0s
50/168 cast 14 elapsed=0s
51/168 cast 15 elapsed=0s
52/168 cast 16 elapsed=0s
53/168 cast 17 elapsed=0s
54/168 cast 18 elapsed=0s
55/168 cast 19 elapsed=0s
56/168 cast 20 elapsed=0s
57/168 cast 21 elapsed=0s
58/168 cast 22 elapsed=0s
59/168 cast 23 elapsed=0s
60/168 cast 24 elapsed=0s
61/168 cast 25 elapsed=0s
62/168 cast 26 elapsed=0s
63/168 cast 27 elapsed=0s
64/168 cast 28 elapsed=0s
65/168 cast 29 elapsed=0s
66/168 cast 30 elapsed=0s
67/168 cast 31 elapsed=0s
68/168 cast 32 elapsed=0s
69/168 cast 33 elapsed=0s
70/168 cast 34 elapsed=0s
71/168 cast 35 elapsed=0s
72/168 cast 36 elapsed=0s
73/168 move 1 elapsed=2s
74/168 move 2 elapsed=3s
75/168 move 3 elapsed=5s
76/168 move 4 elapsed=8s
77/168 move 5 elapsed=10s
78/168 move 6 elapsed=12s
79/168 move 7 elapsed=14s
80/168 move 8 elapsed=16s
81/168 move 9 elapsed=18s
82/168 move 10 elapsed=20s
83/168 move 11 elapsed=22s
84/168 move 12 elapsed=24s
85/168 move 13 elapsed=26s
86/168 move 14 elapsed=29s
87/168 move 15 elapsed=31s
88/168 move 16 elapsed=34s
89/168 move 17 elapsed=36s
90/168 move 18 elapsed=39s
91/168 move 19 elapsed=41s
92/168 move 20 elapsed=43s
93/168 move 21 elapsed=46s
94/168 move 22 elapsed=48s
95/168 move 23 elapsed=51s
96/168 move 24 elapsed=53s
97/168 move 25 elapsed=55s
98/168 move 26 elapsed=58s
99/168 move 27 elapsed=60s
100/168 move 28 elapsed=63s
101/168 move 29 elapsed=65s
102/168 move 30 elapsed=68s
103/168 move 31 elapsed=70s
104/168 move 32 elapsed=71s
105/168 move 33 elapsed=73s
106/168 move 34 elapsed=74s
107/168 move 35 elapsed=76s
108/168 move 36 elapsed=79s
109/168 atk 1 elapsed=81s
110/168 atk 2 elapsed=83s
111/168 atk 3 elapsed=86s
112/168 atk 4 elapsed=88s
113/168 atk 5 elapsed=91s
114/168 atk 6 elapsed=93s
115/168 atk 7 elapsed=95s
116/168 atk 8 elapsed=98s
117/168 atk 9 elapsed=101s
118/168 atk 10 elapsed=103s
119/168 atk 11 elapsed=105s
120/168 atk 12 elapsed=108s
121/168 atk 13 elapsed=110s
122/168 atk 14 elapsed=112s
123/168 atk 15 elapsed=114s
124/168 atk 16 elapsed=117s
125/168 atk 17 elapsed=119s
126/168 atk 18 elapsed=121s
127/168 atk 19 elapsed=124s
128/168 atk 20 elapsed=126s
129/168 atk 21 elapsed=128s
130/168 atk 22 elapsed=130s
131/168 atk 23 elapsed=133s
132/168 atk 24 elapsed=135s
133/168 atk 25 elapsed=138s
134/168 atk 26 elapsed=140s
135/168 atk 27 elapsed=142s
136/168 atk 28 elapsed=145s
137/168 atk 29 elapsed=147s
138/168 atk 30 elapsed=150s
139/168 atk 31 elapsed=152s
140/168 atk 32 elapsed=154s
141/168 atk 33 elapsed=156s
142/168 atk 34 elapsed=159s
143/168 atk 35 elapsed=161s
144/168 atk 36 elapsed=163s
145/168 atk 37 elapsed=166s
146/168 atk 38 elapsed=168s
147/168 atk 39 elapsed=171s
148/168 atk 40 elapsed=173s
149/168 atk 41 elapsed=175s
150/168 atk 42 elapsed=177s
151/168 atk 43 elapsed=180s
152/168 atk 44 elapsed=181s
153/168 atk 45 elapsed=182s
154/168 atk 46 elapsed=184s
155/168 atk 47 elapsed=185s
156/168 atk 48 elapsed=187s
157/168 atk 49 elapsed=188s
158/168 atk 50 elapsed=190s
159/168 atk 51 elapsed=191s
160/168 atk 52 elapsed=192s
161/168 atk 53 elapsed=194s
162/168 atk 54 elapsed=195s
163/168 atk 55 elapsed=197s
164/168 atk 56 elapsed=198s
165/168 atk 57 elapsed=200s
166/168 atk 58 elapsed=201s
167/168 atk 59 elapsed=202s
168/168 atk 60 elapsed=204s
atk scale 1.0258
BUILD COMPLETE box [71, 112, 440, 749] size (369, 637) idle feet gap 34
