idle loop start 23 walk loop start 54
1/276 idle 1 elapsed=0s
2/276 idle 2 elapsed=0s
3/276 idle 3 elapsed=0s
4/276 idle 4 elapsed=0s
5/276 idle 5 elapsed=0s
6/276 idle 6 elapsed=0s
7/276 idle 7 elapsed=0s
8/276 idle 8 elapsed=0s
9/276 idle 9 elapsed=0s
10/276 idle 10 elapsed=0s
11/276 idle 11 elapsed=0s
12/276 idle 12 elapsed=0s
13/276 idle 13 elapsed=0s
14/276 idle 14 elapsed=0s
15/276 idle 15 elapsed=0s
16/276 idle 16 elapsed=0s
17/276 idle 17 elapsed=0s
18/276 idle 18 elapsed=0s
19/276 idle 19 elapsed=0s
20/276 idle 20 elapsed=0s
21/276 idle 21 elapsed=0s
22/276 idle 22 elapsed=0s
23/276 idle 23 elapsed=0s
24/276 idle 24 elapsed=0s
25/276 idle 25 elapsed=0s
26/276 idle 26 elapsed=0s
27/276 idle 27 elapsed=0s
28/276 idle 28 elapsed=0s
29/276 idle 29 elapsed=0s
30/276 idle 30 elapsed=0s
31/276 idle 31 elapsed=0s
32/276 idle 32 elapsed=0s
33/276 idle 33 elapsed=0s
34/276 idle 34 elapsed=0s
35/276 idle 35 elapsed=0s
36/276 idle 36 elapsed=0s
37/276 cast 1 elapsed=0s
38/276 cast 2 elapsed=0s
39/276 cast 3 elapsed=0s
40/276 cast 4 elapsed=0s
41/276 cast 5 elapsed=0s
42/276 cast 6 elapsed=0s
43/276 cast 7 elapsed=0s
44/276 cast 8 elapsed=0s
45/276 cast 9 elapsed=0s
46/276 cast 10 elapsed=0s
47/276 cast 11 elapsed=0s
48/276 cast 12 elapsed=0s
49/276 cast 13 elapsed=0s
50/276 cast 14 elapsed=0s
51/276 cast 15 elapsed=0s
52/276 cast 16 elapsed=0s
53/276 cast 17 elapsed=0s
54/276 cast 18 elapsed=0s
55/276 cast 19 elapsed=0s
56/276 cast 20 elapsed=0s
57/276 cast 21 elapsed=0s
58/276 cast 22 elapsed=0s
59/276 cast 23 elapsed=0s
60/276 cast 24 elapsed=0s
61/276 cast 25 elapsed=0s
62/276 cast 26 elapsed=0s
63/276 cast 27 elapsed=0s
64/276 cast 28 elapsed=0s
65/276 cast 29 elapsed=0s
66/276 cast 30 elapsed=0s
67/276 cast 31 elapsed=0s
68/276 cast 32 elapsed=0s
69/276 cast 33 elapsed=0s
70/276 cast 34 elapsed=0s
71/276 cast 35 elapsed=0s
72/276 cast 36 elapsed=0s
73/276 move 1 elapsed=0s
74/276 move 2 elapsed=0s
75/276 move 3 elapsed=0s
76/276 move 4 elapsed=0s
77/276 move 5 elapsed=0s
78/276 move 6 elapsed=0s
79/276 move 7 elapsed=0s
80/276 move 8 elapsed=0s
81/276 move 9 elapsed=0s
82/276 move 10 elapsed=0s
83/276 move 11 elapsed=0s
84/276 move 12 elapsed=0s
85/276 move 13 elapsed=0s
86/276 move 14 elapsed=0s
87/276 move 15 elapsed=0s
88/276 move 16 elapsed=0s
89/276 move 17 elapsed=0s
90/276 move 18 elapsed=0s
91/276 move 19 elapsed=0s
92/276 move 20 elapsed=0s
93/276 move 21 elapsed=0s
94/276 move 22 elapsed=0s
95/276 move 23 elapsed=0s
96/276 move 24 elapsed=0s
97/276 move 25 elapsed=0s
98/276 move 26 elapsed=0s
99/276 move 27 elapsed=0s
100/276 move 28 elapsed=0s
101/276 move 29 elapsed=0s
102/276 move 30 elapsed=0s
103/276 move 31 elapsed=0s
104/276 move 32 elapsed=0s
105/276 move 33 elapsed=0s
106/276 move 34 elapsed=0s
107/276 move 35 elapsed=0s
108/276 move 36 elapsed=0s
109/276 atk 1 elapsed=0s
110/276 atk 2 elapsed=0s
111/276 atk 3 elapsed=0s
112/276 atk 4 elapsed=0s
113/276 atk 5 elapsed=0s
114/276 atk 6 elapsed=0s
115/276 atk 7 elapsed=0s
116/276 atk 8 elapsed=0s
117/276 atk 9 elapsed=0s
118/276 atk 10 elapsed=0s
119/276 atk 11 elapsed=0s
120/276 atk 12 elapsed=0s
121/276 atk 13 elapsed=0s
122/276 atk 14 elapsed=0s
123/276 atk 15 elapsed=0s
124/276 atk 16 elapsed=0s
125/276 atk 17 elapsed=0s
126/276 atk 18 elapsed=0s
127/276 atk 19 elapsed=0s
128/276 atk 20 elapsed=0s
129/276 atk 21 elapsed=0s
130/276 atk 22 elapsed=0s
131/276 atk 23 elapsed=0s
132/276 atk 24 elapsed=0s
133/276 atk 25 elapsed=0s
134/276 atk 26 elapsed=0s
135/276 atk 27 elapsed=0s
136/276 atk 28 elapsed=0s
137/276 atk 29 elapsed=0s
138/276 atk 30 elapsed=0s
139/276 atk 31 elapsed=0s
140/276 atk 32 elapsed=0s
141/276 atk 33 elapsed=0s
142/276 atk 34 elapsed=0s
143/276 atk 35 elapsed=0s
144/276 atk 36 elapsed=0s
145/276 atk 37 elapsed=0s
146/276 atk 38 elapsed=0s
147/276 atk 39 elapsed=0s
148/276 atk 40 elapsed=0s
149/276 atk 41 elapsed=0s
150/276 atk 42 elapsed=0s
151/276 atk 43 elapsed=0s
152/276 atk 44 elapsed=0s
153/276 atk 45 elapsed=0s
154/276 atk 46 elapsed=0s
155/276 atk 47 elapsed=0s
156/276 atk 48 elapsed=0s
157/276 atk 49 elapsed=0s
158/276 atk 50 elapsed=0s
159/276 atk 51 elapsed=0s
160/276 atk 52 elapsed=0s
161/276 atk 53 elapsed=0s
162/276 atk 54 elapsed=0s
163/276 atk 55 elapsed=0s
164/276 atk 56 elapsed=0s
165/276 atk 57 elapsed=0s
166/276 atk 58 elapsed=0s
167/276 atk 59 elapsed=0s
168/276 atk 60 elapsed=0s
169/276 hit 1 elapsed=2s
170/276 hit 2 elapsed=5s
171/276 hit 3 elapsed=7s
172/276 hit 4 elapsed=10s
173/276 hit 5 elapsed=12s
174/276 hit 6 elapsed=14s
175/276 hit 7 elapsed=17s
176/276 hit 8 elapsed=19s
177/276 hit 9 elapsed=22s
178/276 hit 10 elapsed=24s
179/276 hit 11 elapsed=26s
180/276 hit 12 elapsed=29s
181/276 hit 13 elapsed=31s
182/276 hit 14 elapsed=32s
183/276 hit 15 elapsed=34s
184/276 hit 16 elapsed=35s
185/276 hit 17 elapsed=37s
186/276 hit 18 elapsed=38s
187/276 hit 19 elapsed=40s
188/276 hit 20 elapsed=42s
189/276 hit 21 elapsed=43s
190/276 hit 22 elapsed=46s
191/276 hit 23 elapsed=48s
192/276 hit 24 elapsed=50s
193/276 hit 25 elapsed=53s
194/276 hit 26 elapsed=55s
195/276 hit 27 elapsed=57s
196/276 hit 28 elapsed=59s
197/276 hit 29 elapsed=62s
198/276 hit 30 elapsed=64s
199/276 hit 31 elapsed=66s
200/276 hit 32 elapsed=68s
201/276 hit 33 elapsed=70s
202/276 hit 34 elapsed=73s
203/276 hit 35 elapsed=75s
204/276 hit 36 elapsed=78s
205/276 hit2 1 elapsed=80s
206/276 hit2 2 elapsed=83s
207/276 hit2 3 elapsed=85s
208/276 hit2 4 elapsed=87s
209/276 hit2 5 elapsed=90s
210/276 hit2 6 elapsed=92s
211/276 hit2 7 elapsed=95s
212/276 hit2 8 elapsed=98s
213/276 hit2 9 elapsed=100s
214/276 hit2 10 elapsed=102s
215/276 hit2 11 elapsed=105s
216/276 hit2 12 elapsed=107s
217/276 hit2 13 elapsed=109s
218/276 hit2 14 elapsed=111s
219/276 hit2 15 elapsed=114s
220/276 hit2 16 elapsed=116s
221/276 hit2 17 elapsed=118s
222/276 hit2 18 elapsed=121s
223/276 hit2 19 elapsed=123s
224/276 hit2 20 elapsed=125s
225/276 hit2 21 elapsed=127s
226/276 hit2 22 elapsed=130s
227/276 hit2 23 elapsed=132s
228/276 hit2 24 elapsed=135s
229/276 hit2 25 elapsed=137s
230/276 hit2 26 elapsed=138s
231/276 hit2 27 elapsed=141s
232/276 hit2 28 elapsed=143s
233/276 hit2 29 elapsed=145s
234/276 hit2 30 elapsed=147s
235/276 hit2 31 elapsed=150s
236/276 hit2 32 elapsed=152s
237/276 hit2 33 elapsed=155s
238/276 hit2 34 elapsed=157s
239/276 hit2 35 elapsed=159s
240/276 hit2 36 elapsed=161s
241/276 death 1 elapsed=164s
242/276 death 2 elapsed=166s
243/276 death 3 elapsed=168s
244/276 death 4 elapsed=171s
245/276 death 5 elapsed=173s
246/276 death 6 elapsed=175s
247/276 death 7 elapsed=177s
248/276 death 8 elapsed=179s
249/276 death 9 elapsed=182s
250/276 death 10 elapsed=184s
251/276 death 11 elapsed=187s
252/276 death 12 elapsed=189s
253/276 death 13 elapsed=192s
254/276 death 14 elapsed=194s
255/276 death 15 elapsed=197s
256/276 death 16 elapsed=199s
257/276 death 17 elapsed=201s
258/276 death 18 elapsed=204s
259/276 death 19 elapsed=206s
260/276 death 20 elapsed=209s
261/276 death 21 elapsed=211s
262/276 death 22 elapsed=214s
263/276 death 23 elapsed=216s
264/276 death 24 elapsed=218s
265/276 death 25 elapsed=221s
266/276 death 26 elapsed=223s
267/276 death 27 elapsed=225s
268/276 death 28 elapsed=228s
269/276 death 29 elapsed=230s
270/276 death 30 elapsed=233s
271/276 death 31 elapsed=235s
272/276 death 32 elapsed=237s
273/276 death 33 elapsed=239s
274/276 death 34 elapsed=242s
275/276 death 35 elapsed=244s
276/276 death 36 elapsed=246s
sheet fits (scale, dx, dy) {'death': (np.float64(1.0642), -20, -38), 'hit': (np.float64(1.0329), -8, -19), 'hit2': (np.float64(1.0815), -21, -52), 'atk': (np.float64(1.0258), -29, -7)}
BUILD COMPLETE box [71, 112, 463, 749] size (392, 637) idle feet gap 34
