round 1 · enemy-Soldado-0 DEX 2 (lv 1)
   Kael     hit  73%  skills {"sword":0,"axe":0,"mace":0,"hammer":0}  bless 0  weapon espada-larga offHand null
   Neera    hit  73%  skills {"bow":0,"crossbow":0,"dagger":0}  bless 0  weapon arco-composto offHand punhal-curvo
   Voss     hit  73%  skills {"staff":0}  bless 0  weapon cajado-de-osso offHand null
   Salazar  hit  73%  skills {"mace":0,"hammer":0,"staff":0}  bless 0  weapon cajado-da-galhada offHand null
   Aldric   hit  73%  skills {"spear":0}  bless 0  weapon lanca offHand null
   Malrec   hit  73%  skills {"staff":0}  bless 0  weapon cajado-de-osso offHand null
round 2 · enemy-Soldado-0 DEX 2 (lv 1)
   Kael     hit  73%  skills {"sword":0,"axe":0,"mace":0,"hammer":0}  bless 0  weapon espada-larga offHand null
   Neera    hit  73%  skills {"bow":0,"crossbow":0,"dagger":0}  bless 0  weapon arco-composto offHand punhal-curvo
   Voss     hit  73%  skills {"staff":0}  bless 0  weapon cajado-de-osso offHand null
   Salazar  hit  73%  skills {"mace":0,"hammer":0,"staff":0}  bless 0  weapon cajado-da-galhada offHand null
   Aldric   hit  73%  skills {"spear":0}  bless 0  weapon lanca offHand null
   Malrec   hit  73%  skills {"staff":0}  bless 0  weapon cajado-de-osso offHand null
round 3 · enemy-Soldado-0 DEX 2 (lv 1)
   Kael     hit  73%  skills {"sword":0,"axe":0,"mace":0,"hammer":0}  bless 0  weapon espada-larga offHand null
   Neera    hit  73%  skills {"bow":0,"crossbow":0,"dagger":0}  bless 0  weapon arco-composto offHand punhal-curvo
   Voss     hit  73%  skills {"staff":0}  bless 0  weapon cajado-de-osso offHand null
   Salazar  hit  73%  skills {"mace":0,"hammer":0,"staff":0}  bless 0  weapon cajado-da-galhada offHand null
   Aldric   hit  73%  skills {"spear":0}  bless 0  weapon lanca offHand null
   Malrec   hit  73%  skills {"staff":0}  bless 0  weapon cajado-de-osso offHand null
round 4 · enemy-Soldado-0 DEX 2 (lv 1)
   Kael     hit  73%  skills {"sword":0,"axe":0,"mace":0,"hammer":0}  bless 0  weapon espada-larga offHand null
   Neera    hit  73%  skills {"bow":0,"crossbow":0,"dagger":0}  bless 0  weapon arco-composto offHand punhal-curvo
   Voss     hit  73%  skills {"staff":0}  bless 0  weapon cajado-de-osso offHand null
   Salazar  hit  73%  skills {"mace":0,"hammer":0,"staff":0}  bless 0  weapon cajado-da-galhada offHand null
   Aldric   hit  73%  skills {"spear":0}  bless 0  weapon lanca offHand null
   Malrec   hit  73%  skills {"staff":0}  bless 0  weapon cajado-de-osso offHand null
round 5 · enemy-Soldado-0 DEX 2 (lv 1)
   Kael     hit  73%  skills {"sword":0,"axe":0,"mace":0,"hammer":0}  bless 0  weapon espada-larga offHand null
   Neera    hit  73%  skills {"bow":0,"crossbow":0,"dagger":0}  bless 0  weapon arco-composto offHand punhal-curvo
   Voss     hit  73%  skills {"staff":0}  bless 0  weapon cajado-de-osso offHand null
   Salazar  hit  73%  skills {"mace":0,"hammer":0,"staff":0}  bless 0  weapon cajado-da-galhada offHand null
   Aldric   hit  73%  skills {"spear":0}  bless 0  weapon lanca offHand null
   Malrec   hit  73%  skills {"staff":0}  bless 0  weapon cajado-de-osso offHand null
errors []
